4e4dcf5cb1f3cfb33e5b93f760f79fc34a5b627454081f586685b808b972107e
1a57f680f68004c2ed8402603812fdb6b2b895f159e46e0f48a0923b02c8315e
21cddec45c2c26c8dd4f992f8f7315d590c9a12ddc135c053fbde887b65590c1
7a9ce613e0af6b694b66150b066cb166322a1b65090c2ac65e705ae7a202336d
f1ffff7d09dcbd0639481e0cdea1ae84cd1c4f98a066fc4104d8703e9d84b2a1
c69c357c010e783e8202aabd55784a2e318c22c62422f94597ab9ef1f2d61e1e
e6c01fe0bf936718699bf41c6d46ad71432533ffc934e55bc95b2efb5a5a6564
87dc994d25c06614e303f7f6cc75985f1252bf62e159336a9510308bee26456f
57722a5f78a3b2d9be1f71e5a30b6fe48851e3e5c2f35a8fa6b096e88e48e110
20ba6e10b2087e0488fd282bc0d5fcc8e78c6910951e5bbce2b425b7bd1796fa
382b824f4889bfe451953055ba5a41f4d058705f8119a872433a8190d5026004
a7fe74a65a9608ef02d5c0650cf2cae9aea6003908deeecc10948fa974a9094f
a4c0ea920afa26afb14ef9d25ad47b2a00021bac413e46059322505eeb1e9c50
7b6654bb4303e47db1481304b84c84c8a42540dd6e0b8ab55474b829e85c4900
722f45acad4d179f7be533d6f58ba74eacc1c652a6bfe24d5820a3c1108223a0
ff238b7b743e93f497696c96425f36b823b321a7b54cc0f5ffa60c5d4a1faab5
2fcac4d3b816d79a8befeb50c37c8b0f4c4a4d4fbc7eb170f1a5d6f82f8cdb1c
6f7f2a5f1bb9ca7ff0755fe3c6c097537337df9776d994b5666d2977257a410c
7652635730262ddd7cd6c7137c4780c95fb78d4ea1fa46b94942837bb3ecb37a
fc9c57ba14108174d1f95e2069df7430dbed5b6057f684c0dd62b804ce11066d
28a28dd06f3cefc2969599abac517522363e7395abe5698db94dec0857d410f1
3eb9f3fa69d57f4a5b3ec33e66e68ec5b0bd5e25d570de9da93a2e188c310504
e2768b8ec9a0c8a934c54df935f95031036c5b69af007c1edcb99c11ccc29b8e
83ac202f1a676e8b0d3f1b58b7690c783be908d2b230e85f6c3e9b273c04084b
4624f80eae68082e98e0b90d27043576dd546f7c0e88d28a68dcd688db95b4c8
476551b6928dc3fda067f1b9651ed644c809f1f1519e26ebf0b2c132bad73d08
11920df56750c32d2ee6841308bac137823af47b7219db55896defd7eb55825f
f04ee96a2f3e23a86227844162088fe371681a09342b34499aadd861e1b86d36
51af69e15d8e43be8aa6044b8da5e1b1c741c2f012632333037d0e1f8f8d96e1
4c31b937178c340fedcb99b8bc342a9a7e088cf3e279114edc142915a7d72a9e
be97b974e93edbde5b2b239b474fb19638d4969f5d5af581175823b511642f40
e6ea31e58fa7e9c6aede048fc89138ada5802068188023f4447249aa1d8d111b
1830999d8ff96f01fea7c62af8024a8f09e80dfd945c2f3a4e04f1628c2c85b0
c257dcf287c2268b0d628256d3a770f032c2f6a3e4cafd744b742b5a2cb1e5d5
21bc1298ea8c2b3a1f0889db71919380de21ffefa26bb4e32995b3fb3a180c31
a4fa9d2c518b76a7ef469e01d65253fa6290c6d056a19ef671df749b131818c2
8585df102c569aa6363ff23a3d42d5852df85b7102f99d6d3ede1f3723fbb5ff
677cb72bfdc3c8c103f0716cafa3454dad7dbe1cd4e55b94101aafc38f580cc0
70b6fbea788a90a2d2f6c8ad3f522d6ee164586127b1a03559ec195ea71a5034
9633c98d0f7939c3aa3ceba889b7b0905b38c4a81935e6242292c06bfcd0ada2
8ca4f489d1fa76adeafc3b75a9789a2c29b714adf8cbb505b5ee85bfda648d9c
6c6f96421b3e24d15e3fb2b461eced96a9f46f61b2ed82f89741a0922b6de108
07859ed9dca13ec56c822cf6432c32e79556841a4f4cead40bd15e15034ef0da
c6fa4c7a3d65f8f4abdae7b9e5701b01630c16a998566c163fdf7dbc209e5b41
81b2f521873dbd153baaa70c297efe2179a23b3dbb56a86f0dc1f6b4611e1c9f
9ea40c1cf538cfefcd2fed62f6ba251d1e53029a09910782d729dd29f65ba274
bf9b39e42633a039b8b2ef3e9153a19a8efa48a2727c311f75a5e096786a6de8
182861ccbaee07c1402fb61737dedbc53e41dd71f6c12509a70369631b4ba1ef
3f1980022ea9ac8040fbce26a1c9a04016fc2fb058ac47130b37092bbb354f93
4c6a8a51d54b08d2f6dc9741aee6a10f0028ccedf0addce141c192efbb7211f8
59aa29369fb34a14172138c2628e4de2802eaee86eac858ab01ceb15d9dabc4f
0623606103de0d365e9e6e876e6c557fbb03deefd0f947de06dfd1b90a3e4548
825abb1df8fafee82a5b7244b2a399f7e022c83f95c235fefe2438a59758370f
2140a5134e605e9f955f0a8bdad743d97730f991de78e95d8575f65abe6d76e1
bb4cbc83b5777d1e5b234469b81b991f65c27fe545627fe1fa62a7f9791798e9
c14add087d2df5792d118349f9004cdb6b0074ff1721a1ba7d500ea859dbf68a
ec1fe1ce073a32a4ad566484d2a4117926f298f7331585ced5dc03f4f1195031
35faedd29e0f731154ea47e15922a451535290285ae1643550bbf4170c74a16c
c0847e9b4fea39598837904d45bd9f00a0fc333d9599d7c535431decd00cd84f
63da5b988f2d0d14d5d46225104b218f2ce475c9ce0ad78eee3c18b958a7cd7a
57c343733637dc5644e08791924eba65cf4e42909ed2d607fd0f054085091241
3e05ccf4812fbbcf90927efba3dda717285de42244d20c8b0ce11e7fcf758c36
5a80f9dbdbd7eb3bb2ba2646977b77ce61616b9370953c8c3d285d72f97b6c54
8763028c01f794724f1700ebe293340b479e1997fd385c012b7531aa39d2978f
80c5195d8e5354ac6f18711bb1d9d52e21dbd422499a915ee4cc50cb1d03a082
f0f7305ce4086bac3b63ebba1d240e40d3d735c34f491c8a8619dabb4d7f3b95
ad9b501465a547a33ca6c177768aeee2fddc1bcdb18339b6232b4bb1ff651b38
6938cb7f8762a583cd97bfce2a748bf510244b9c93e4b07bde93f40d8102f8c8
d3670399b7870f2b7c3e4e73d0d702b03c9132eb14e3acf99ec0e93a81d4d1bf
96b7173b5762d9e3c2d72342e1b1b156097d71e21a7bedc1540bd868b458e525
7970a3186558be2fd59fa1141a0f41bbc6ca436afafca593e50ed771ec749682
0b41f5255fcfeb329ebc3bf80bce450973522bb9a0dd7280e8b69f28ee0464a3
4012821035f23602e9d4aa5f74361bd26cd125170637e180ecc8c61f3a82404c
2d1482e5518782d8c17415c9d0833a9813afafc75f0c7d29c02e1e0a87e95d4f
80431321b630f95bb125361183e9f5efe796d483582619dbab651cc88b4b46df
3988075a682581dc1c431642fa4b7d80d438be26106e0e53a7384a3ae92f5ee7
a5104051c0f746a790b25290f3f3da42e0e4b6233a7d00571e76b3b51ac87367
a8a0114842c45b2a67c10c58a0503d09ee5e41e94c5a4c33a62f4f8a65f59960
49091d5699505d193d61b38c820152191b26f3ce26c9d3940e9cfd07cfe0ff36
a095ce330775f2dabaa390dfbd47bc1dbffd9f15bd82b1a8daaec57cd1932e1d
3537ab25e8b95a7e2c3a0c85bfb89d940802a8a5986c33fb4075d1035899ad78
ac38958a98644ae13c7cad0af2d57aa1fc53f137f5109139e29a3acf1afe8524
8c74fc57a91f4c2b68bc5e327d5e43423cec11e2df408eb37a0da65bacb6b918
d2a7a8755f3e0fbc8f219a138bd42ea5992f3a198c15a4b5c958f80750ba31b9
d0bbd9aa64041d933b4c344471d3b907625904edd7dfce6c53e6a18520f39ee2
6154eae4e597d83513f8198fff5bd847a8501fa406cf01338661334561ef04eb
617d473424d7983f9bd30537b581459271ed4a51c567f1616ce49a82174ded05
3b6a45c735d72b9162842e372ade5f08716963b0e3af3074ef112716a611e9ca
ac95e5c137615b46c137f784765b7c8c97cd4e09979a0c245d50ea0763de8c8a
641add35182c3e6c7805847f3f20c27fbccb70249ee63c451d1eb917d34a0558
27bd97a494b48398776559689fb492a8e1711d6999755d258ae4ef0b37f24ff3
e74019dd2c8da66c0eb2a480612bef1aa034c5cc1f5f142320842eaf819f1228
f07738a3398210b74bcc9ffac60a7143881f680ec220dd90fcfec18391309bf6
85da9debc55075ed29e443dda3973681b8c766d6dfe5e2572a38453e60ea1491
c83e6baa286c99546f634319916abf18242e52b565297acd9e112e198ddaedff
1bc160a2b478b4ff811ea85e96899b25e79a746c5ba99332fc73288fd4e7e441
f89c357416785045c174294f0c17b11f857fab6041b6b14b2361bed0f9698a74
815459139cd8d2a389905baaaeb23342928941cfa5f3bdba05ce7bbcfc0ebe0c
f19a7af067123f0adbd5ccd0b4e6e3c424e71b2532232e4a70667223d73a4db7
425800e79f6484f35991820220e5b25b968c9b4229147aaddfa1ef087559fb9e
d52c919691f5d9807fd7108e75fa9539032d28ff102c9183120a281102305e42
19da33f11710370aa3e330672d2638ba8bffc65b8ae40acad6e3876279216e9e
59928f1d18b7928e24494328340bd6ee92c473f6fceadaae583981614877dcdd
daffad538d96f957d489125309071f17b83d280fc2fdd419474ad1689493d9d4
aca0b92db754093f5cc2db4c1c772081f9dbfdb83d2d06916888d0af1816de70
0bf432d591f6fedc8642a870cbee34757fb856cf2b651271f83b78335aab966a
689a9133738bf9cfb35942417a954ddc2f2bc57bf031bef9cd0b5cffbdbc0568
dc9baf368255d7ae846c7d4fe8fbfefb7c6a47427d414984013061d01a320108
34ea2b57cd705367684dfb50737bc1d37bcb9b520580d6e124d5bfb4faa8c1e5
00d79a1ac02818edd3e12f5af49a28e174845bb15dd3552731c0cd20704684a1
c5509ed476cfb7702563e43b7f7274167cde8063757bdb51704eb49fce3866a3
ed88413cce6094eb5355e6aa90928ac98223224cc4d154db6f39ad79535e081c
4d3195a125d635efdb8e35d3b4af5fd5c032b0b31b4868f8cfc3a629c5ec7881
326815ae79ea1316173a522eb34ebddf1b76735ac46ca0cfc55b1d8d327486ff
0034bfcd0cda2b0fd149c09f4547c060e7714af9f88b6f3ba37e75753941571a
6e52016fca87ee77a6aee72875ce3241317333dbab9e8314fe54b998134bc989
163b0e05bb2e506d85b14fa818aedb62cc50cb5821a5cb1fc60ed883c7bc2d0e
655962b5b151425e4d72ff6c2ffd2f92b8f4e6494d04e678014506f3be595013
d5245a7d9d01af912d27d0b3d71e6d35069f0c701e6cd3c18ff386e3ed31a970
f5a08f58b776995d5a6a923b12e47ca38bfdbe8da0c3f4a82af27f12d66f73aa
8bd72b47ee79af5dff6fa435fb5c2d5354d36f511fc330bfcfa4490fed699243
d8361ae046f43cf63cf6e42bb66f6d0a0556d217f2042b65f450e8e502f27d30
5e51d19c39b9b0964724e9ec038d691faf9479948c88d593ee4b4a2bbabe5583
b353f04d26a011cbc66b3ed56b8e3d5dfd953cdc8215eb43311c3fb9213bf53d
f9dc674c2c52bc12644b30f59080e4d9810621b740660127b5fadfdc4fd10001
35440f86c5333090cf67a1771eedfb670c70f74907a01b3939b28bab5f3a540a
41887c265bbb40e2615512ca9ab34684a1cb47707b018d0537a2b9233d57bb4e
c7634bdb68f21a8236061022bef9bee11ca3ce325933756d929c8940026c7066
0b6b71803036626085598da4fd079764539267cb1cd6473855992f29644f96c3
c30e3dd5ef039f1e37d6b1bcafaeffdf9a60746b94c80f3ef61ce08daa50dd09
f526305d069bebfe5b5039b493acc836ec61d554bb41cbb9207cba7d339d66b1
fa0c12078ffaf8afff48be02c449f6634ab21eea50f94c009daaccbb4c0cf86f
dba1f286fa293e99372b760aaf80a3c969984cbb298b330a535344b08da75d83
879b8d89dc56ea3f2d5b4363f404a8f0d81bf5873e5408c6c6f0055a79246535
7eaaa24c2f761bdece4145e53c2277bb831dca16b119d945c09f6e15e81c08d2
0fd7254a483927c2896aa1eca108bd0b0460f6d342cf54f3b01b20ccbbaa05c5
0aa56df6c98050aea3905c91a0e55aa3defa8b75c436bcc663dc298f8d6b5a08
4fb8490d6ab32c602610a91b51a32e65132cf011b6eca8acad443c1812a344ed
e225a88699a4d5132494645a22502deb8e35127e2575783faed2982b756b9b43
080ac9c22f408284f29f6cb5957202b3c4491e0368ecfd0804b49e8fe07a1151
0094624fdb2944bb910f51a784332f07b839ddab2e935715a14f849e82efdba3
1afb774afd10ecc9d1a31813bf10d0e1baa3ddc14ba07e7e77187f5b5437dcb6
af8385ff84b722bd8156e3c5ca385a04d32f9436b62c7676e8453ea0c3dee3b3
7fd9e849c5234308e51be1149eedc3e4126a710449eb10e1494d9a85c860bcc6
399250fabb47c96481bf5627f41dc65519f2d267201e09c903b09a2483ebc976
bacf7017b4fa0536c461a69377af6ef96f2eeea81b879cc2e3f5cffd049b8c6b
38f766b098c7b1b70ced94c5fcc1e87e4bf8160719feff4374f590dda7fafce2
455a846db0a576efa1ad8905b231de416b767de0135ca376977f00f1327a8f07
4ecb8ba632ca81030c6734d19a9911057b090235cb4b5a4ab29114f1c0bdb52d
449c1a11f6c51022b489f347f6640ec88bb5d292b7051f25cf99ea11b9005471
064454514d43ee8bfd37c056a3de9f27f580a6b9b1f29db9a4a451274c6dd9bd
05e684e65174343f7b8c67d3da458d325418363d632f7b37219c9c2ddb57deba
ee205e5172dc397f5875e5bbda68170020f0bf8110fc6d1cb0fc63ff95439455
8160e70ab31fe37b3b0802f7272569532c45fbfda1b60067d3bc72a855b0d77f
ccbad1d095fb44998777e09e7bedfbbf7baf5a6c8cd8b8be7a884ec1f5e7e338
e02649964df9f3b3efedbd329a86f8c18ee8b96290818b86656f19f3a821a048
f9e67ad6d46b0b2ac6485540dd3dd08caf577dd7b47c1de19d1339e3eee860f5
37d946ea2169a26a9cb5163decdee839389ef507f463bea5fe4827ef85339893
98f1222b2d1634f238cbcd6125010a73e231ba5700be262df681195fedcd7d54
8ffda979a156921d435f40bb6fe51898ecc9e00f21b9f6ec7f596565213930c9
6fd23c90984560f7018a654908e513473ef3e5c0373f9ed1087079d1063120b4
fd19bcada4480d0d0e5606e79871e8d7ec4a119e3d2813e541677467e80cdd35
f5a4e60b440e17f16908e83366a1f420590255cdfe3cf7df010796e5c2d5af11
dcbf56b63bfe363981e2879bc315714c72dca27b479390f2ac79106fa3558e3b
13a05e3de5b1a7aff8c4afb848851d5e8568546f34048b4d7b9234917a1b7e0c
dfbf4b781d1eb5e864b9af9620c6876afbb218b3c7b1e654726bcf962e48f371
9dc0960ad3717480ad7953cecabdd5e59dcafbd76cc07d1aed30cf0ef0a4b1a9
a0b0868fe5963c2173d06f8c74aa93466639449b7cb57f626899a32dfbad6947
ae4294ce644ac1e723716411abbafa9ef4df00ff22c73c069c27e125777a0726
287bae4fe063ad56a42671f41aafc452a7e820e898e2c5d5e91b096aa075a565
78ada7d99092350dcc99d0dd809def5c9983eb9cc06a68699b2b834c3fe78923
b256ff96d15708f9b6a24b13aa25d09f617d5aa65d9bc756ac36d1a3dfa69cb5
c87b8897132addb442366609a1f14a3f0f0c8ac821ae7e988a1fc4d064c41cfd
9280f8677d304ef5ab5a97fcef655851b37e43497ba57a328ba27f6ad33c75db
ef480bdc264c555c273d0f86fb6bb0a53c24b0784cc97b3e751ace0e82025fee
2fcd98abe3455306e8ce6d230dea94d4de8f8a2ff5cf5c57a1285f4a034cb7af
568e3fd210b5b6596a08ade766bfd32d1772a75a0d71c58472d02afccca47007
a5b393d9bdaa0f58fb40ace6a71827798ff9927b5bf0fbba3cf2f5204c35dc75
6a49c25726f828fce47057502edca152d4bcfdfdadbcc6892dd34c8ea22b7e3b
6de4d2caccc57a3b1b952f091ed311f4153c1ed20eebd431464651043e0c6843
d37ff4a6e5bcf002cb66db6330bb52bcd7ab4ca8b7b99c4f29086b9163183443
c4839e1cb98b93f7b7145713f45835e9c8a7aa696a4f5d54da282db77bbeda94
0ccaa94ea768c10750efcd4652e0886d43bfbad00a10b25425784df765fdcf90
2149bce98751dec8d3b00efb0fd5d433d466e6b6a5292d5aa2f8c91e2c43d9b3
0d39a98eacea4a7ffb7ad1e936f2333d9bfcf4bcb981a2fdc77e48bd82ef4f66
c05d4e2fe17d1f0f6236a96fc805358d4131332870015fc3559a7001c05ecccb
b79a4bf5050a8d282a248e55e2beac0e0a9e9c08eb6877bdb772677e164565d1
3f8bf2b31f599de56de4cc624fd21a54215271bf4a503098eb7f6c9abb717960
e01d4deb3a32f3074967f727d24b490906a65f7f6830dff197387307f1fb580b
e612b0afdd89c1da2f083c21980edfc9b3ab959649dec5aa724005067966e0c4
d056dfbf7c0b03161cb2aa1fd31ff1b2b439d03a81c51e67740c599991751234
85dd37904e975ac4771ac15ccec7584d569b2a08c5c81c2179d508a3093828c8
a05f0bf6ebec2cebfecce93dd4c2ba888b81e6e0330ea6682002df1b322c6e1c
effe1e38d295975874535405d40fbb2e6a85a9db0969be326fa856660c3f393f
b6b5e456da1448af6dcd3812309f6c5d1b695b2119a22dfbb4e965c05596afea
99b6422685e43e16e125b89dc2dc1648d6d5602a95e0610f59a7b3bc0bd04c5a
c1ed46e50f9de446c9e66809d2ab4ddff22fbea4865fd5aebb3134a4d0659fb6
48760a40dda3994bc43d3b41b62072ee99b3231f1385b82ba52c81a87ffc110b
feb4b22a0f560b298bc09989baf69da90b9d42cb0d7502f47abf6b4d7d770755
dcb4de15560829df9b93b71b6728244a6bf10199b6378a47fe24aee1ac070384
5ec0d77453c49811d5b8d8b16a94f533e485956e3cbf3ab68ae3900224010441
d6b7cf15a7a2152fda8352d7a6128ac8ec9b143bcbdae0635ec43943f6b741d1
1dbed9c70e1d455e1738f551e5c217a529138f035f82954c7ba75e785608bd2e
d18a926b309e47b70b00eb00303aa0e0d14f9d1b795103152eb65bb5e91599d6
e1d0161d6df074e40d223ae304797207811266c52c05a7518571d3e5e5790b57
2bd20c5c0dfc81ebfab8092843aaf3acca0e191a64cad3c7ee1c27c78604003d
9536b40e704481d7627468dc213d3625f964a12bea2b863033d8e07ef7e43ac7
ebd4973cbd725abafe5b73f6e258c78142b9d670f54b4b6a5c307366c81c2808
6ede18012596d29cf93aa237eaf4b7c0c826cca582f45e6e55a207a36d32a4e3
6a163d594f16e16adb3b8eabb20bc66a1cdcae216be0b74ebd01d61ee8a408d5
2432ed86cfc8d6a8b3d780bc1734c4e8d58308e5cc68a840d858933e3df79562
80f6570027cfa51290ab5f5458a5c8c3d4c92d3c3d6252a955bec1237a32be7b
7301dc74c9c4ed958666c7b2270f06ce6c4e92c4d4a61dfc01fa4dec3ac40845
8ae70e3df9424528ed3cdb96054f1624ff2e6fff0880b0e7f994f8c54b93ec32
df010bc8e2267ed431e44b02962b18881d6b9e5e78addeb1a411279f2368f76d
7c4764db68b55e9861f8d5642bd001b9eb51683cc3185067aa9fb699484e780d
6e9f71cf20abd392e6f1a7cd0299ce9b93ea7fd43cd41ca12302d1772709d4d3
3ab587a5600f0ee58785ee1439d9db48ca0a4d070d167171bd983168e074f57b
04a1c30015a9af8cee9ef74da19322562df1c1bead5a3a4f59882e7df6cdbefb
7d34b03a7ce8dca45af81f2ca0b7e44191d67056c628d70a0503f3bb2fbeea3d
413791c2685acc08ab5c868f52a65f1b0fa700878c4bbd9efae5c7e16bbc4d72
4447c1d8ef1bf282c8e34ae7006d695adacffe0984c6b6db93edcf09bacbe27e
bd57b6a9aeb89c176aa1d1cfa7daeac47780f24a6a3078d1467ea8c4ae55a261
d9f7df065af97b217dd27567c89c17c7d66d55644fff530f96d1439bf06bcb6b
452f14bffb6c0e03ac4029baf706a9209da621f99f4dd09de9f3861998dab673
16ee8351d674ec39a741055971c4a1e59a13c82a2c076bda9d284b53d0e32da2
4d73e25d345d37aed287d3920a3045f89d9d1627373850e00b2c0de11dab0c7e
4fc5de22b6763a8447cf74488470760dfb2e7c0ccbd077e87f496c61554773ec
6b02a906a3b5faffe259dfc9914d07b4f78fed1b305b5208ccbd502f49ad2f7f
6a9ad66780563b071937ab68cd5ad3420bc27f5fa601f64f493ffdf03f3a9e04
c406b6cb321f0d68a60f9035a38ec85d5da2c08c963182d9614835c36aded29f
14fdcb68d14f76a5b7caa24715193c1859301086259ba9b7cc15bd420b5e98bb
0532c53bc26239d80eda0303d9326ea4cb3c2ee9810767690659e0653073f173
fae6613fbb75196bdd02e2acf00b7c566527ace88f1c9a964082cd20cce6e31b
e0e9d4607484c8ca6c6c45cf6327b47fc4bdb933548ec271eb1f35be44c3106d
f789c942d33c1c4f93de9c4ac60af7bde421e44f2f920d454c36d0ff43477ecd
9c3f7a1493939ad061f83bc6f6b41e61a1f628fad6dee325311eab639274e793
0bea68f630eb7a6cbb1e1d403c92b5c3c815f6a6e3e1ffa5a7be6af657686a0a
eb984fb973b593cd47040cc6d07788670b5cb8b8fb7b5f61b5aed452176fcf3e
ef02d5e25c87721c8acdd31b397d1b94606e56b3e36fbea2222eae4c5fd584af
8250acb620b86d35a512c4054a408ba2572486a55ce898e0e4f3e24b2215b72f
32415d74523c161d36eb4be0d33aa60ea7750004ae649272246c155532907469
6a3fd8ca6cdcd5f4e2cc63c8a1f5cd67f78e63e28f71f02e00118260d4606563
f72c31392bd0645e56271b6cf87ffb99d34dc4009bb1aa00d54a419771760361
9784b7e9cacf92147469c4e70b7b5250feed699dc7116458924fafed1aac779b
28223052f4404620f0e5d14ecc96109e2c4093ac55dfbf016eec85128bab921e
95443062ddc9699935be45326807fe3ba7a1643fbe0df5d1581084f34fb9ed6a
f90c0f7c80fc66034a29cd1c50f279e31865ce2d67fae918a207319d58d10752
96e76decae159031853de16c92b91d9e8a86de625baa79527c39f0b64d1c18e4
b29f5422b580f7e5c91474fe34cd74b59a0308cd26989a8b4a630b9c4f3d64a1
b177eaa8156391eb1834022666e571c09a527463d65ffa11c5b758e6fe72d9f9
34d555731274f2179cad42ad3c2f991901964365ae766aaba0cae88b6fbd6837
52fe1187d34c74ccb657f211562c01ce8b927bacc952a93dafba3a56d0ed29f2
d39cc2e4cd5fbd12f02cc3aa5c4a5b5acabeaff05b90d96e0f1146d7eb32d948
0b3c5b3cb770cc33d192d6a3bea451eac2949278fc30b34e678a4428de2d651f