6ddb07f7eeaf6ce9a54e5b98b8504d5ea142162f8d4a193ea686c9c3f2cef7ef
953cc39c63433de1e75831e4fa0a2f6cef2e9bc5a161dde59c0fa602edb7e471
a8ce766117cc4b8d1b75c2c70876b839073bf8916249490014b23b97bac5f8af
5595ad778bf496d35b58cb44c9e28695be2912298d7c27c68154f93933511b0f
37773edcd97bf789146249ad5d1218800928c6a06c445dca25fed2ace762c1f1
0af3046799a29c645067649df1786ff36a560ecba510fe5fdee341c58c4cb212
d4f5854368ce1e774b9af1f244efba91d321e2a0de065583189f86fd8c5d60b5
2032f8a619ffb333f69ac9ed809b8649ecfd0d52bd471a1d1bba2287a0cf0d61
f26a0b5858608f7731aaa21eca0c59b289b53a1ac1d4a287653000bbd6b42eb6
12c00779ad3893edaaafaf99c4d44c4a57de9b16b7b4566ab9c5696a8a785fbf
2fbc1631f3121bb801169ac2243f776530aff6799980c7d12aa7235644e09848
